// Jest Snapshot v1, https://goo.gl/fbAQLP

exports[`Tabs Component renders empty given no tabs 1`] = `<div />`;

exports[`renders empty given no tabs 1`] = `<div />`;
